[2026-07-22 15:53:56] local.ERROR: Undefined array key "identifier" {"exception":"[object] (ErrorException(code: 0): Undefined array key \"identifier\" at /home/bagusanantahidayatullah/BagusFile/FileKerjaBagus/polsri-banksampah-main/app/Http/Controllers/AuthController.php:24)
[stacktrace]
#0 /home/bagusanantahidayatullah/BagusFile/FileKerjaBagus/polsri-banksampah-main/app/Http/Controllers/AuthController.php(24): Illuminate\\Foundation\\Bootstrap\\HandleExceptions->handleError()
#1 /home/bagusanantahidayatullah/BagusFile/FileKerjaBagus/polsri-banksampah-main/vendor/laravel/framework/src/Illuminate/Routing/Controller.php(54): App\\Http\\Controllers\\AuthController->login()
#2 /home/bagusanantahidayatullah/BagusFile/FileKerjaBagus/polsri-banksampah-main/vendor/laravel/framework/src/Illuminate/Routing/ControllerDispatcher.php(45): Illuminate\\Routing\\Controller->callAction()
#3 /home/bagusanantahidayatullah/BagusFile/FileKerjaBagus/polsri-banksampah-main/vendor/laravel/framework/src/Illuminate/Routing/Route.php(261): Illuminate\\Routing\\ControllerDispatcher->dispatch()
#4 /home/bagusanantahidayatullah/BagusFile/FileKerjaBagus/polsri-banksampah-main/vendor/laravel/framework/src/Illuminate/Routing/Route.php(205): Illuminate\\Routing\\Route->runController()
#5 /home/bagusanantahidayatullah/BagusFile/FileKerjaBagus/polsri-banksampah-main/vendor/laravel/framework/src/Illuminate/Routing/Router.php(721): Illuminate\\Routing\\Route->run()
#6 /home/bagusanantahidayatullah/BagusFile/FileKerjaBagus/polsri-banksampah-main/vendor/laravel/framework/src/Illuminate/Pipeline/Pipeline.php(128): Illuminate\\Routing\\Router->{closure:Illuminate\\Routing\\Router::runRouteWithinStack():719}()
#7 /home/bagusanantahidayatullah/BagusFile/FileKerjaBagus/polsri-banksampah-main/app/Http/Middleware/SavePreviousUrl.php(29): Illuminate\\Pipeline\\Pipeline->{closure:Illuminate\\Pipeline\\Pipeline::prepareDestination():126}()
#8 /home/bagusanantahidayatullah/BagusFile/FileKerjaBagus/polsri-banksampah-main/vendor/laravel/framework/src/Illuminate/Pipeline/Pipeline.php(167): App\\Http\\Middleware\\SavePreviousUrl->handle()
#9 /home/bagusanantahidayatullah/BagusFile/FileKerjaBagus/polsri-banksampah-main/vendor/laravel/framework/src/Illuminate/Routing/Middleware/SubstituteBindings.php(50): Illuminate\\Pipeline\\Pipeline->{closure:{closure:Illuminate\\Pipeline\\Pipeline::carry():142}:143}()
#10 /home/bagusanantahidayatullah/BagusFile/FileKerjaBagus/polsri-banksampah-main/vendor/laravel/framework/src/Illuminate/Pipeline/Pipeline.php(167): Illuminate\\Routing\\Middleware\\SubstituteBindings->handle()
#11 /home/bagusanantahidayatullah/BagusFile/FileKerjaBagus/polsri-banksampah-main/vendor/laravel/framework/src/Illuminate/Foundation/Http/Middleware/VerifyCsrfToken.php(78): Illuminate\\Pipeline\\Pipeline->{closure:{closure:Illuminate\\Pipeline\\Pipeline::carry():142}:143}()
#12 /home/bagusanantahidayatullah/BagusFile/FileKerjaBagus/polsri-banksampah-main/vendor/laravel/framework/src/Illuminate/Pipeline/Pipeline.php(167): Illuminate\\Foundation\\Http\\Middleware\\VerifyCsrfToken->handle()
#13 /home/bagusanantahidayatullah/BagusFile/FileKerjaBagus/polsri-banksampah-main/vendor/laravel/framework/src/Illuminate/View/Middleware/ShareErrorsFromSession.php(49): Illuminate\\Pipeline\\Pipeline->{closure:{closure:Illuminate\\Pipeline\\Pipeline::carry():142}:143}()
#14 /home/bagusanantahidayatullah/BagusFile/FileKerjaBagus/polsri-banksampah-main/vendor/laravel/framework/src/Illuminate/Pipeline/Pipeline.php(167): Illuminate\\View\\Middleware\\ShareErrorsFromSession->handle()
#15 /home/bagusanantahidayatullah/BagusFile/FileKerjaBagus/polsri-banksampah-main/vendor/laravel/framework/src/Illuminate/Session/Middleware/StartSession.php(121): Illuminate\\Pipeline\\Pipeline->{closure:{closure:Illuminate\\Pipeline\\Pipeline::carry():142}:143}()
#16 /home/bagusanantahidayatullah/BagusFile/FileKerjaBagus/polsri-banksampah-main/vendor/laravel/framework/src/Illuminate/Session/Middleware/StartSession.php(64): Illuminate\\Session\\Middleware\\StartSession->handleStatefulRequest()
#17 /home/bagusanantahidayatullah/BagusFile/FileKerjaBagus/polsri-banksampah-main/vendor/laravel/framework/src/Illuminate/Pipeline/Pipeline.php(167): Illuminate\\Session\\Middleware\\StartSession->handle()
#18 /home/bagusanantahidayatullah/BagusFile/FileKerjaBagus/polsri-banksampah-main/vendor/laravel/framework/src/Illuminate/Cookie/Middleware/AddQueuedCookiesToResponse.php(37): Illuminate\\Pipeline\\Pipeline->{closure:{closure:Illuminate\\Pipeline\\Pipeline::carry():142}:143}()
#19 /home/bagusanantahidayatullah/BagusFile/FileKerjaBagus/polsri-banksampah-main/vendor/laravel/framework/src/Illuminate/Pipeline/Pipeline.php(167): Illuminate\\Cookie\\Middleware\\AddQueuedCookiesToResponse->handle()
#20 /home/bagusanantahidayatullah/BagusFile/FileKerjaBagus/polsri-banksampah-main/vendor/laravel/framework/src/Illuminate/Cookie/Middleware/EncryptCookies.php(67): Illuminate\\Pipeline\\Pipeline->{closure:{closure:Illuminate\\Pipeline\\Pipeline::carry():142}:143}()
#21 /home/bagusanantahidayatullah/BagusFile/FileKerjaBagus/polsri-banksampah-main/vendor/laravel/framework/src/Illuminate/Pipeline/Pipeline.php(167): Illuminate\\Cookie\\Middleware\\EncryptCookies->handle()
#22 /home/bagusanantahidayatullah/BagusFile/FileKerjaBagus/polsri-banksampah-main/vendor/laravel/framework/src/Illuminate/Pipeline/Pipeline.php(103): Illuminate\\Pipeline\\Pipeline->{closure:{closure:Illuminate\\Pipeline\\Pipeline::carry():142}:143}()
#23 /home/bagusanantahidayatullah/BagusFile/FileKerjaBagus/polsri-banksampah-main/vendor/laravel/framework/src/Illuminate/Routing/Router.php(719): Illuminate\\Pipeline\\Pipeline->then()
#24 /home/bagusanantahidayatullah/BagusFile/FileKerjaBagus/polsri-banksampah-main/vendor/laravel/framework/src/Illuminate/Routing/Router.php(698): Illuminate\\Routing\\Router->runRouteWithinStack()
#25 /home/bagusanantahidayatullah/BagusFile/FileKerjaBagus/polsri-banksampah-main/vendor/laravel/framework/src/Illuminate/Routing/Router.php(662): Illuminate\\Routing\\Router->runRoute()
#26 /home/bagusanantahidayatullah/BagusFile/FileKerjaBagus/polsri-banksampah-main/vendor/laravel/framework/src/Illuminate/Routing/Router.php(651): Illuminate\\Routing\\Router->dispatchToRoute()
#27 /home/bagusanantahidayatullah/BagusFile/FileKerjaBagus/polsri-banksampah-main/vendor/laravel/framework/src/Illuminate/Foundation/Http/Kernel.php(167): Illuminate\\Routing\\Router->dispatch()
#28 /home/bagusanantahidayatullah/BagusFile/FileKerjaBagus/polsri-banksampah-main/vendor/laravel/framework/src/Illuminate/Pipeline/Pipeline.php(128): Illuminate\\Foundation\\Http\\Kernel->{closure:Illuminate\\Foundation\\Http\\Kernel::dispatchToRouter():164}()
#29 /home/bagusanantahidayatullah/BagusFile/FileKerjaBagus/polsri-banksampah-main/vendor/laravel/framework/src/Illuminate/Foundation/Http/Middleware/TransformsRequest.php(21): Illuminate\\Pipeline\\Pipeline->{closure:Illuminate\\Pipeline\\Pipeline::prepareDestination():126}()
#30 /home/bagusanantahidayatullah/BagusFile/FileKerjaBagus/polsri-banksampah-main/vendor/laravel/framework/src/Illuminate/Foundation/Http/Middleware/ConvertEmptyStringsToNull.php(31): Illuminate\\Foundation\\Http\\Middleware\\TransformsRequest->handle()
#31 /home/bagusanantahidayatullah/BagusFile/FileKerjaBagus/polsri-banksampah-main/vendor/laravel/framework/src/Illuminate/Pipeline/Pipeline.php(167): Illuminate\\Foundation\\Http\\Middleware\\ConvertEmptyStringsToNull->handle()
#32 /home/bagusanantahidayatullah/BagusFile/FileKerjaBagus/polsri-banksampah-main/vendor/laravel/framework/src/Illuminate/Foundation/Http/Middleware/TransformsRequest.php(21): Illuminate\\Pipeline\\Pipeline->{closure:{closure:Illuminate\\Pipeline\\Pipeline::carry():142}:143}()
#33 /home/bagusanantahidayatullah/BagusFile/FileKerjaBagus/polsri-banksampah-main/vendor/laravel/framework/src/Illuminate/Foundation/Http/Middleware/TrimStrings.php(40): Illuminate\\Foundation\\Http\\Middleware\\TransformsRequest->handle()
#34 /home/bagusanantahidayatullah/BagusFile/FileKerjaBagus/polsri-banksampah-main/vendor/laravel/framework/src/Illuminate/Pipeline/Pipeline.php(167): Illuminate\\Foundation\\Http\\Middleware\\TrimStrings->handle()
#35 /home/bagusanantahidayatullah/BagusFile/FileKerjaBagus/polsri-banksampah-main/vendor/laravel/framework/src/Illuminate/Foundation/Http/Middleware/ValidatePostSize.php(27): Illuminate\\Pipeline\\Pipeline->{closure:{closure:Illuminate\\Pipeline\\Pipeline::carry():142}:143}()
#36 /home/bagusanantahidayatullah/BagusFile/FileKerjaBagus/polsri-banksampah-main/vendor/laravel/framework/src/Illuminate/Pipeline/Pipeline.php(167): Illuminate\\Foundation\\Http\\Middleware\\ValidatePostSize->handle()
#37 /home/bagusanantahidayatullah/BagusFile/FileKerjaBagus/polsri-banksampah-main/vendor/laravel/framework/src/Illuminate/Foundation/Http/Middleware/PreventRequestsDuringMaintenance.php(86): Illuminate\\Pipeline\\Pipeline->{closure:{closure:Illuminate\\Pipeline\\Pipeline::carry():142}:143}()
#38 /home/bagusanantahidayatullah/BagusFile/FileKerjaBagus/polsri-banksampah-main/vendor/laravel/framework/src/Illuminate/Pipeline/Pipeline.php(167): Illuminate\\Foundation\\Http\\Middleware\\PreventRequestsDuringMaintenance->handle()
#39 /home/bagusanantahidayatullah/BagusFile/FileKerjaBagus/polsri-banksampah-main/vendor/fruitcake/laravel-cors/src/HandleCors.php(38): Illuminate\\Pipeline\\Pipeline->{closure:{closure:Illuminate\\Pipeline\\Pipeline::carry():142}:143}()
#40 /home/bagusanantahidayatullah/BagusFile/FileKerjaBagus/polsri-banksampah-main/vendor/laravel/framework/src/Illuminate/Pipeline/Pipeline.php(167): Fruitcake\\Cors\\HandleCors->handle()
#41 /home/bagusanantahidayatullah/BagusFile/FileKerjaBagus/polsri-banksampah-main/vendor/fideloper/proxy/src/TrustProxies.php(57): Illuminate\\Pipeline\\Pipeline->{closure:{closure:Illuminate\\Pipeline\\Pipeline::carry():142}:143}()
#42 /home/bagusanantahidayatullah/BagusFile/FileKerjaBagus/polsri-banksampah-main/vendor/laravel/framework/src/Illuminate/Pipeline/Pipeline.php(167): Fideloper\\Proxy\\TrustProxies->handle()
#43 /home/bagusanantahidayatullah/BagusFile/FileKerjaBagus/polsri-banksampah-main/vendor/laravel/framework/src/Illuminate/Pipeline/Pipeline.php(103): Illuminate\\Pipeline\\Pipeline->{closure:{closure:Illuminate\\Pipeline\\Pipeline::carry():142}:143}()
#44 /home/bagusanantahidayatullah/BagusFile/FileKerjaBagus/polsri-banksampah-main/vendor/laravel/framework/src/Illuminate/Foundation/Http/Kernel.php(142): Illuminate\\Pipeline\\Pipeline->then()
#45 /home/bagusanantahidayatullah/BagusFile/FileKerjaBagus/polsri-banksampah-main/vendor/laravel/framework/src/Illuminate/Foundation/Http/Kernel.php(111): Illuminate\\Foundation\\Http\\Kernel->sendRequestThroughRouter()
#46 /home/bagusanantahidayatullah/BagusFile/FileKerjaBagus/polsri-banksampah-main/public/index.php(51): Illuminate\\Foundation\\Http\\Kernel->handle()
#47 /home/bagusanantahidayatullah/BagusFile/FileKerjaBagus/polsri-banksampah-main/server.php(21): require_once('...')
#48 {main}
"} 
[2026-07-22 15:58:02] local.ERROR: Undefined array key "identifier" {"exception":"[object] (ErrorException(code: 0): Undefined array key \"identifier\" at /home/bagusanantahidayatullah/BagusFile/FileKerjaBagus/polsri-banksampah-main/app/Http/Controllers/AuthController.php:24)
[stacktrace]
#0 /home/bagusanantahidayatullah/BagusFile/FileKerjaBagus/polsri-banksampah-main/app/Http/Controllers/AuthController.php(24): Illuminate\\Foundation\\Bootstrap\\HandleExceptions->handleError()
#1 /home/bagusanantahidayatullah/BagusFile/FileKerjaBagus/polsri-banksampah-main/vendor/laravel/framework/src/Illuminate/Routing/Controller.php(54): App\\Http\\Controllers\\AuthController->login()
#2 /home/bagusanantahidayatullah/BagusFile/FileKerjaBagus/polsri-banksampah-main/vendor/laravel/framework/src/Illuminate/Routing/ControllerDispatcher.php(45): Illuminate\\Routing\\Controller->callAction()
#3 /home/bagusanantahidayatullah/BagusFile/FileKerjaBagus/polsri-banksampah-main/vendor/laravel/framework/src/Illuminate/Routing/Route.php(261): Illuminate\\Routing\\ControllerDispatcher->dispatch()
#4 /home/bagusanantahidayatullah/BagusFile/FileKerjaBagus/polsri-banksampah-main/vendor/laravel/framework/src/Illuminate/Routing/Route.php(205): Illuminate\\Routing\\Route->runController()
#5 /home/bagusanantahidayatullah/BagusFile/FileKerjaBagus/polsri-banksampah-main/vendor/laravel/framework/src/Illuminate/Routing/Router.php(721): Illuminate\\Routing\\Route->run()
#6 /home/bagusanantahidayatullah/BagusFile/FileKerjaBagus/polsri-banksampah-main/vendor/laravel/framework/src/Illuminate/Pipeline/Pipeline.php(128): Illuminate\\Routing\\Router->{closure:Illuminate\\Routing\\Router::runRouteWithinStack():719}()
#7 /home/bagusanantahidayatullah/BagusFile/FileKerjaBagus/polsri-banksampah-main/app/Http/Middleware/SavePreviousUrl.php(29): Illuminate\\Pipeline\\Pipeline->{closure:Illuminate\\Pipeline\\Pipeline::prepareDestination():126}()
#8 /home/bagusanantahidayatullah/BagusFile/FileKerjaBagus/polsri-banksampah-main/vendor/laravel/framework/src/Illuminate/Pipeline/Pipeline.php(167): App\\Http\\Middleware\\SavePreviousUrl->handle()
#9 /home/bagusanantahidayatullah/BagusFile/FileKerjaBagus/polsri-banksampah-main/vendor/laravel/framework/src/Illuminate/Routing/Middleware/SubstituteBindings.php(50): Illuminate\\Pipeline\\Pipeline->{closure:{closure:Illuminate\\Pipeline\\Pipeline::carry():142}:143}()
#10 /home/bagusanantahidayatullah/BagusFile/FileKerjaBagus/polsri-banksampah-main/vendor/laravel/framework/src/Illuminate/Pipeline/Pipeline.php(167): Illuminate\\Routing\\Middleware\\SubstituteBindings->handle()
#11 /home/bagusanantahidayatullah/BagusFile/FileKerjaBagus/polsri-banksampah-main/vendor/laravel/framework/src/Illuminate/Foundation/Http/Middleware/VerifyCsrfToken.php(78): Illuminate\\Pipeline\\Pipeline->{closure:{closure:Illuminate\\Pipeline\\Pipeline::carry():142}:143}()
#12 /home/bagusanantahidayatullah/BagusFile/FileKerjaBagus/polsri-banksampah-main/vendor/laravel/framework/src/Illuminate/Pipeline/Pipeline.php(167): Illuminate\\Foundation\\Http\\Middleware\\VerifyCsrfToken->handle()
#13 /home/bagusanantahidayatullah/BagusFile/FileKerjaBagus/polsri-banksampah-main/vendor/laravel/framework/src/Illuminate/View/Middleware/ShareErrorsFromSession.php(49): Illuminate\\Pipeline\\Pipeline->{closure:{closure:Illuminate\\Pipeline\\Pipeline::carry():142}:143}()
#14 /home/bagusanantahidayatullah/BagusFile/FileKerjaBagus/polsri-banksampah-main/vendor/laravel/framework/src/Illuminate/Pipeline/Pipeline.php(167): Illuminate\\View\\Middleware\\ShareErrorsFromSession->handle()
#15 /home/bagusanantahidayatullah/BagusFile/FileKerjaBagus/polsri-banksampah-main/vendor/laravel/framework/src/Illuminate/Session/Middleware/StartSession.php(121): Illuminate\\Pipeline\\Pipeline->{closure:{closure:Illuminate\\Pipeline\\Pipeline::carry():142}:143}()
#16 /home/bagusanantahidayatullah/BagusFile/FileKerjaBagus/polsri-banksampah-main/vendor/laravel/framework/src/Illuminate/Session/Middleware/StartSession.php(64): Illuminate\\Session\\Middleware\\StartSession->handleStatefulRequest()
#17 /home/bagusanantahidayatullah/BagusFile/FileKerjaBagus/polsri-banksampah-main/vendor/laravel/framework/src/Illuminate/Pipeline/Pipeline.php(167): Illuminate\\Session\\Middleware\\StartSession->handle()
#18 /home/bagusanantahidayatullah/BagusFile/FileKerjaBagus/polsri-banksampah-main/vendor/laravel/framework/src/Illuminate/Cookie/Middleware/AddQueuedCookiesToResponse.php(37): Illuminate\\Pipeline\\Pipeline->{closure:{closure:Illuminate\\Pipeline\\Pipeline::carry():142}:143}()
#19 /home/bagusanantahidayatullah/BagusFile/FileKerjaBagus/polsri-banksampah-main/vendor/laravel/framework/src/Illuminate/Pipeline/Pipeline.php(167): Illuminate\\Cookie\\Middleware\\AddQueuedCookiesToResponse->handle()
#20 /home/bagusanantahidayatullah/BagusFile/FileKerjaBagus/polsri-banksampah-main/vendor/laravel/framework/src/Illuminate/Cookie/Middleware/EncryptCookies.php(67): Illuminate\\Pipeline\\Pipeline->{closure:{closure:Illuminate\\Pipeline\\Pipeline::carry():142}:143}()
#21 /home/bagusanantahidayatullah/BagusFile/FileKerjaBagus/polsri-banksampah-main/vendor/laravel/framework/src/Illuminate/Pipeline/Pipeline.php(167): Illuminate\\Cookie\\Middleware\\EncryptCookies->handle()
#22 /home/bagusanantahidayatullah/BagusFile/FileKerjaBagus/polsri-banksampah-main/vendor/laravel/framework/src/Illuminate/Pipeline/Pipeline.php(103): Illuminate\\Pipeline\\Pipeline->{closure:{closure:Illuminate\\Pipeline\\Pipeline::carry():142}:143}()
#23 /home/bagusanantahidayatullah/BagusFile/FileKerjaBagus/polsri-banksampah-main/vendor/laravel/framework/src/Illuminate/Routing/Router.php(719): Illuminate\\Pipeline\\Pipeline->then()
#24 /home/bagusanantahidayatullah/BagusFile/FileKerjaBagus/polsri-banksampah-main/vendor/laravel/framework/src/Illuminate/Routing/Router.php(698): Illuminate\\Routing\\Router->runRouteWithinStack()
#25 /home/bagusanantahidayatullah/BagusFile/FileKerjaBagus/polsri-banksampah-main/vendor/laravel/framework/src/Illuminate/Routing/Router.php(662): Illuminate\\Routing\\Router->runRoute()
#26 /home/bagusanantahidayatullah/BagusFile/FileKerjaBagus/polsri-banksampah-main/vendor/laravel/framework/src/Illuminate/Routing/Router.php(651): Illuminate\\Routing\\Router->dispatchToRoute()
#27 /home/bagusanantahidayatullah/BagusFile/FileKerjaBagus/polsri-banksampah-main/vendor/laravel/framework/src/Illuminate/Foundation/Http/Kernel.php(167): Illuminate\\Routing\\Router->dispatch()
#28 /home/bagusanantahidayatullah/BagusFile/FileKerjaBagus/polsri-banksampah-main/vendor/laravel/framework/src/Illuminate/Pipeline/Pipeline.php(128): Illuminate\\Foundation\\Http\\Kernel->{closure:Illuminate\\Foundation\\Http\\Kernel::dispatchToRouter():164}()
#29 /home/bagusanantahidayatullah/BagusFile/FileKerjaBagus/polsri-banksampah-main/vendor/laravel/framework/src/Illuminate/Foundation/Http/Middleware/TransformsRequest.php(21): Illuminate\\Pipeline\\Pipeline->{closure:Illuminate\\Pipeline\\Pipeline::prepareDestination():126}()
#30 /home/bagusanantahidayatullah/BagusFile/FileKerjaBagus/polsri-banksampah-main/vendor/laravel/framework/src/Illuminate/Foundation/Http/Middleware/ConvertEmptyStringsToNull.php(31): Illuminate\\Foundation\\Http\\Middleware\\TransformsRequest->handle()
#31 /home/bagusanantahidayatullah/BagusFile/FileKerjaBagus/polsri-banksampah-main/vendor/laravel/framework/src/Illuminate/Pipeline/Pipeline.php(167): Illuminate\\Foundation\\Http\\Middleware\\ConvertEmptyStringsToNull->handle()
#32 /home/bagusanantahidayatullah/BagusFile/FileKerjaBagus/polsri-banksampah-main/vendor/laravel/framework/src/Illuminate/Foundation/Http/Middleware/TransformsRequest.php(21): Illuminate\\Pipeline\\Pipeline->{closure:{closure:Illuminate\\Pipeline\\Pipeline::carry():142}:143}()
#33 /home/bagusanantahidayatullah/BagusFile/FileKerjaBagus/polsri-banksampah-main/vendor/laravel/framework/src/Illuminate/Foundation/Http/Middleware/TrimStrings.php(40): Illuminate\\Foundation\\Http\\Middleware\\TransformsRequest->handle()
#34 /home/bagusanantahidayatullah/BagusFile/FileKerjaBagus/polsri-banksampah-main/vendor/laravel/framework/src/Illuminate/Pipeline/Pipeline.php(167): Illuminate\\Foundation\\Http\\Middleware\\TrimStrings->handle()
#35 /home/bagusanantahidayatullah/BagusFile/FileKerjaBagus/polsri-banksampah-main/vendor/laravel/framework/src/Illuminate/Foundation/Http/Middleware/ValidatePostSize.php(27): Illuminate\\Pipeline\\Pipeline->{closure:{closure:Illuminate\\Pipeline\\Pipeline::carry():142}:143}()
#36 /home/bagusanantahidayatullah/BagusFile/FileKerjaBagus/polsri-banksampah-main/vendor/laravel/framework/src/Illuminate/Pipeline/Pipeline.php(167): Illuminate\\Foundation\\Http\\Middleware\\ValidatePostSize->handle()
#37 /home/bagusanantahidayatullah/BagusFile/FileKerjaBagus/polsri-banksampah-main/vendor/laravel/framework/src/Illuminate/Foundation/Http/Middleware/PreventRequestsDuringMaintenance.php(86): Illuminate\\Pipeline\\Pipeline->{closure:{closure:Illuminate\\Pipeline\\Pipeline::carry():142}:143}()
#38 /home/bagusanantahidayatullah/BagusFile/FileKerjaBagus/polsri-banksampah-main/vendor/laravel/framework/src/Illuminate/Pipeline/Pipeline.php(167): Illuminate\\Foundation\\Http\\Middleware\\PreventRequestsDuringMaintenance->handle()
#39 /home/bagusanantahidayatullah/BagusFile/FileKerjaBagus/polsri-banksampah-main/vendor/fruitcake/laravel-cors/src/HandleCors.php(38): Illuminate\\Pipeline\\Pipeline->{closure:{closure:Illuminate\\Pipeline\\Pipeline::carry():142}:143}()
#40 /home/bagusanantahidayatullah/BagusFile/FileKerjaBagus/polsri-banksampah-main/vendor/laravel/framework/src/Illuminate/Pipeline/Pipeline.php(167): Fruitcake\\Cors\\HandleCors->handle()
#41 /home/bagusanantahidayatullah/BagusFile/FileKerjaBagus/polsri-banksampah-main/vendor/fideloper/proxy/src/TrustProxies.php(57): Illuminate\\Pipeline\\Pipeline->{closure:{closure:Illuminate\\Pipeline\\Pipeline::carry():142}:143}()
#42 /home/bagusanantahidayatullah/BagusFile/FileKerjaBagus/polsri-banksampah-main/vendor/laravel/framework/src/Illuminate/Pipeline/Pipeline.php(167): Fideloper\\Proxy\\TrustProxies->handle()
#43 /home/bagusanantahidayatullah/BagusFile/FileKerjaBagus/polsri-banksampah-main/vendor/laravel/framework/src/Illuminate/Pipeline/Pipeline.php(103): Illuminate\\Pipeline\\Pipeline->{closure:{closure:Illuminate\\Pipeline\\Pipeline::carry():142}:143}()
#44 /home/bagusanantahidayatullah/BagusFile/FileKerjaBagus/polsri-banksampah-main/vendor/laravel/framework/src/Illuminate/Foundation/Http/Kernel.php(142): Illuminate\\Pipeline\\Pipeline->then()
#45 /home/bagusanantahidayatullah/BagusFile/FileKerjaBagus/polsri-banksampah-main/vendor/laravel/framework/src/Illuminate/Foundation/Http/Kernel.php(111): Illuminate\\Foundation\\Http\\Kernel->sendRequestThroughRouter()
#46 /home/bagusanantahidayatullah/BagusFile/FileKerjaBagus/polsri-banksampah-main/public/index.php(51): Illuminate\\Foundation\\Http\\Kernel->handle()
#47 /home/bagusanantahidayatullah/BagusFile/FileKerjaBagus/polsri-banksampah-main/server.php(21): require_once('...')
#48 {main}
"} 
